// Jest Snapshot v1, https://goo.gl/fbAQLP

exports[`correctly renders its required props as defined by prop types 1`] = `
<div
  className="css-bp3e54"
>
  <h3
    className="css-qwi5oq"
  >
    Germany
  </h3>
  <h3
    className="css-f71r11"
  >
    Capital City: Berlin
  </h3>
  <h3
    className="css-f71r11"
  >
    Population: 80000000
  </h3>
  <h3
    className="css-f71r11"
  >
    Currency: EUR
  </h3>
  <h3
    className="css-f71r11"
  >
    0.98
  </h3>
</div>
`;
